-------------------------------------------------------------------------

	SOLVER SETTINGS
		  maxparticles----> 40401
		   formulation----> formulation_rVPM
		       viscous----> (Symbol("*userfunction"), "FLOWVPM.Inviscid{Float64}(0.0)")
		        kernel----> gaussianerf
		            UJ----> (Symbol("*userfunction"), "ml_uj")
		          Uinf----> (Symbol("*userfunction"), "#152")
		           SFS----> SFS_none
		   integration----> rungekutta3
		    transposed----> true
		    relaxation----> pedrizzetti
		           fmm----> FLOWVPM.FMM(4, 10, 0.5, true, 0.001, 0.001, true, true, true, 1.0, 3)
		        useGPU----> 0

	SIMULATION SETTINGS
		dt:			0.0034223749999999996
		Runtime function:	Yes
		Static particles:	Yes
		nsteps_save:		1

-------------------------------------------------------------------------
*************************************************************************
START /home/dysco/FLOWUnsteady/Flow-reconstruction-in-VPM-using-FNO/FINAL/julia_time_forward/output/flowunsteady_surrogate_ml/wing-example_surrogate_ml_pfield
	2026-07-02T18:29:15.089
*************************************************************************
	Time step 0 out of 200	Particles: 0
	Time step 10 out of 200	Particles: 1189
	Time step 20 out of 200	Particles: 2199
	Time step 30 out of 200	Particles: 3209
	Time step 40 out of 200	Particles: 4219
	Time step 50 out of 200	Particles: 5229
	Time step 60 out of 200	Particles: 6239
	Time step 70 out of 200	Particles: 7249
	Time step 80 out of 200	Particles: 8259
	Time step 90 out of 200	Particles: 9269
	Time step 100 out of 200	Particles: 10279
	Time step 110 out of 200	Particles: 11289
	Time step 120 out of 200	Particles: 12299
	Time step 130 out of 200	Particles: 13309
	Time step 140 out of 200	Particles: 14319
	Time step 150 out of 200	Particles: 15329
	Time step 160 out of 200	Particles: 16339
	Time step 170 out of 200	Particles: 17349
	Time step 180 out of 200	Particles: 18359
	Time step 190 out of 200	Particles: 19369
	Time step 200 out of 200	Particles: 20379
*************************************************************************
END /home/dysco/FLOWUnsteady/Flow-reconstruction-in-VPM-using-FNO/FINAL/julia_time_forward/output/flowunsteady_surrogate_ml/wing-example_surrogate_ml_pfield
	2026-07-02T18:42:49.879
*************************************************************************
ELAPSED TIME: 0 hours 13 minutes 34 seconds
